1	2
2	3
2	4
3	4
5	4
6	7
6	5
7	8
8	5
8	2
10	12
11	20
12	19
19	12
18	20
14	21
13	17
16	14
16	14
17	16